// Jest Snapshot v1, https://goo.gl/fbAQLP

exports[`<Feature /> renders the <Feature /> with populated data 1`] = `
<div
  class="feature__Container-sc-19zs3jp-0 hPnhgU"
>
  <h1
    class="feature__Title-sc-19zs3jp-1 lhpEBX"
  >
    Unlimited films, TV programmes and more.
  </h1>
  <h2
    class="feature__SubTitle-sc-19zs3jp-2 etpZUH"
  >
    Watch anywhere. Cancel at any time.
  </h2>
</div>
`;
