// Jest Snapshot v1, https://goo.gl/fbAQLP

exports[`<Player/> renders <Player/> with bunny video 1`] = `
<div
  class="player__Container-sc-1aq7af5-0"
>
  <button
    class="player__Button-sc-1aq7af5-4 iHPtbY"
  >
    Play
  </button>
</div>
`;
